[2026-03-21 20:20:22] ========================================================
[2026-03-21 20:20:22] Decoder sweep started
[2026-03-21 20:20:22]   encoder     : vgg16
[2026-03-21 20:20:22]   configs     : gru_1l:gru:1:0.0 lstm_1l:lstm:1:0.0 gru_2l:gru:2:0.3 lstm_2l:lstm:2:0.3
[2026-03-21 20:20:22]   epochs      : 2
[2026-03-21 20:20:22]   batch_size  : 64
[2026-03-21 20:20:22]   GPUs        : 0 1 2
[2026-03-21 20:20:22]   data_root   : /home/msiau/data/tmp/amarcos/vizwiz_dataset
[2026-03-21 20:20:22]   out_root    : outputs
[2026-03-21 20:20:22]   wandb       : false (entity=just-an-arbitrary-team-name, project=mcv-c5-image_captioning)
[2026-03-21 20:20:22] ========================================================
[2026-03-21 20:20:22]   Launching vgg16_gru_1l on GPU 0 -> outputs/sweep_logs/vgg16_gru_1l.log
[2026-03-21 20:20:22]   Sleeping 10s before next launch...
[2026-03-21 20:20:32]   Launching vgg16_lstm_1l on GPU 1 -> outputs/sweep_logs/vgg16_lstm_1l.log
[2026-03-21 20:20:32]   Sleeping 10s before next launch...
[2026-03-21 20:20:42]   Launching vgg16_gru_2l on GPU 2 -> outputs/sweep_logs/vgg16_gru_2l.log
[2026-03-21 20:20:42] 
[2026-03-21 20:20:42] Batch running: gru_1l lstm_1l gru_2l (PIDs: 176275 176382 176471)
[2026-03-21 20:20:42] Waiting for batch to finish...
[2026-03-21 20:20:42]   vgg16_gru_1l -> FAILED (exit=1). See outputs/sweep_logs/vgg16_gru_1l.log
[2026-03-21 20:20:42]   vgg16_lstm_1l -> FAILED (exit=1). See outputs/sweep_logs/vgg16_lstm_1l.log
[2026-03-21 20:20:45]   vgg16_gru_2l -> FAILED (exit=1). See outputs/sweep_logs/vgg16_gru_2l.log
[2026-03-21 20:20:45] Batch done.
[2026-03-21 20:20:45] 
[2026-03-21 20:20:45] Sleeping 10s before next batch...
