[2026-03-21 21:51:04] ========================================================
[2026-03-21 21:51:04] Tokenizer sweep started
[2026-03-21 21:51:04]   encoder     : vgg16
[2026-03-21 21:51:04]   decoder     : gru
[2026-03-21 21:51:04]   configs     : char:150 word:35 subword:50
[2026-03-21 21:51:04]   epochs      : 50
[2026-03-21 21:51:04]   batch_size  : 64
[2026-03-21 21:51:04]   GPUs        : 0 1 2
[2026-03-21 21:51:04]   data_root   : /home/msiau/data/tmp/amarcos/vizwiz_dataset
[2026-03-21 21:51:04]   out_root    : outputs
[2026-03-21 21:51:04]   wandb       : true (entity=just-an-arbitrary-team-name, project=mcv-c5-image_captioning)
[2026-03-21 21:51:04] ========================================================
[2026-03-21 21:51:04]   Launching vgg16_gru_char on GPU 0 -> outputs/sweep_logs/vgg16_gru_char.log
[2026-03-21 21:51:04]   Sleeping 10s before next launch...
[2026-03-21 21:51:14]   Sleeping 10s before next launch...
[2026-03-21 21:51:14]   Launching vgg16_gru_word on GPU 1 -> outputs/sweep_logs/vgg16_gru_word.log
[2026-03-21 21:51:24] 
[2026-03-21 21:51:24]   Launching vgg16_gru_subword on GPU 2 -> outputs/sweep_logs/vgg16_gru_subword.log
[2026-03-21 21:51:24] All runs launched (PIDs: 29853 30084 30485). Waiting...
[2026-03-21 21:51:24] 
[2026-03-21 22:58:25]   vgg16_gru_char -> OK  |  0.9062,56.61,37.11,25.46,41.08,ok
[2026-03-21 22:58:25]   vgg16_gru_word -> OK  |  3.3674,50.15,30.94,25.02,30.25,ok
[2026-03-21 22:58:25]   vgg16_gru_subword -> OK  |  3.4707,60.65,35.66,26.14,35.25,ok
[2026-03-21 22:58:25] 
[2026-03-21 22:58:25] ========================================================
[2026-03-21 22:58:25] Tokenizer sweep complete. Summary:
encoder   decoder  text_repr  max_len  test_loss  bleu1  bleu2  rougeL  meteor  status
resnet50  gru      char       150      0.9826     56.16  37.19  24.71   39.91   ok
resnet50  gru      word       35       3.2103     55.96  39.02  28.69   37.64   ok
vgg16     gru      char       150      0.9062     56.61  37.11  25.46   41.08   ok
vgg16     gru      word       35       3.3674     50.15  30.94  25.02   30.25   ok
vgg16     gru      subword    50       3.4707     60.65  35.66  26.14   35.25   ok
[2026-03-21 22:58:25] Individual logs: outputs/sweep_logs
[2026-03-21 22:58:25] ========================================================
