[nltk_data] Downloading package wordnet to /home/msiau/nltk_data...
[nltk_data]   Package wordnet is already up-to-date!
[nltk_data] Downloading package punkt_tab to /home/msiau/nltk_data...
[nltk_data]   Package punkt_tab is already up-to-date!
[nltk_data] Downloading package omw-1.4 to /home/msiau/nltk_data...
[nltk_data]   Package omw-1.4 is already up-to-date!
wandb: Currently logged in as: arnaumarcosalmansa (just-an-arbitrary-team-name) to https://api.wandb.ai. Use `wandb login --relogin` to force relogin
wandb: setting up run 18u805rn
wandb: Tracking run with wandb version 0.23.1
wandb: Run data is saved locally in /home/msiau/workspace/C5_Project/Week3/wandb/run-20260321_192203-18u805rn
wandb: Run `wandb offline` to turn off syncing.
wandb: Syncing run vgg16_gru_1l
wandb: ⭐️ View project at https://wandb.ai/just-an-arbitrary-team-name/mcv-c5-image_captioning
wandb: 🚀 View run at https://wandb.ai/just-an-arbitrary-team-name/mcv-c5-image_captioning/runs/18u805rn
Device: cuda
Building tokenizer (char)...
Loading datasets...
  train: 21088, val: 2343, test: 7750
  Model: vgg16 + grux1 | text=char | params=16.4M
Early stopping: metric=meteor mode=max patience=10
Epoch   1/50  train_loss=1.6870  val_loss=1.1080  BLEU-1=43.2%  BLEU-2=24.9%  ROUGE-L=21.7%  METEOR=28.7%  ES=0/10  [207s]
Epoch   2/50  train_loss=1.0607  val_loss=1.0085  BLEU-1=54.4%  BLEU-2=34.5%  ROUGE-L=27.6%  METEOR=36.7%  ES=0/10  [200s]
Epoch   3/50  train_loss=0.9897  val_loss=0.9768  BLEU-1=44.4%  BLEU-2=25.9%  ROUGE-L=22.1%  METEOR=31.0%  ES=1/10  [203s]
Epoch   4/50  train_loss=0.9581  val_loss=0.9505  BLEU-1=57.3%  BLEU-2=33.4%  ROUGE-L=26.4%  METEOR=35.0%  ES=2/10  [201s]
Epoch   5/50  train_loss=0.9382  val_loss=0.9258  BLEU-1=27.0%  BLEU-2=15.4%  ROUGE-L=19.2%  METEOR=32.2%  ES=3/10  [207s]
Epoch   6/50  train_loss=0.9229  val_loss=0.9146  BLEU-1=24.3%  BLEU-2=15.2%  ROUGE-L=18.2%  METEOR=28.7%  ES=4/10  [208s]
Epoch   7/50  train_loss=0.9202  val_loss=0.9150  BLEU-1=39.3%  BLEU-2=22.6%  ROUGE-L=22.0%  METEOR=30.4%  ES=5/10  [205s]
Epoch   8/50  train_loss=0.9129  val_loss=0.9134  BLEU-1=49.6%  BLEU-2=32.3%  ROUGE-L=24.7%  METEOR=38.0%  ES=0/10  [201s]
Epoch   9/50  train_loss=0.9051  val_loss=0.9047  BLEU-1=57.0%  BLEU-2=37.1%  ROUGE-L=26.5%  METEOR=40.8%  ES=0/10  [206s]
Epoch  10/50  train_loss=0.8954  val_loss=0.8902  BLEU-1=49.4%  BLEU-2=29.0%  ROUGE-L=24.3%  METEOR=36.1%  ES=1/10  [204s]
Epoch  11/50  train_loss=0.8901  val_loss=0.8897  BLEU-1=50.9%  BLEU-2=27.5%  ROUGE-L=23.6%  METEOR=33.2%  ES=2/10  [206s]
Epoch  12/50  train_loss=0.8861  val_loss=0.9020  BLEU-1=53.9%  BLEU-2=29.3%  ROUGE-L=24.2%  METEOR=31.9%  ES=3/10  [200s]
Epoch  13/50  train_loss=0.8808  val_loss=0.8896  BLEU-1=54.1%  BLEU-2=31.7%  ROUGE-L=25.6%  METEOR=32.6%  ES=4/10  [202s]
Epoch  14/50  train_loss=0.8756  val_loss=0.8868  BLEU-1=52.0%  BLEU-2=29.0%  ROUGE-L=24.8%  METEOR=33.3%  ES=5/10  [202s]
Epoch  15/50  train_loss=0.8751  val_loss=0.8706  BLEU-1=51.0%  BLEU-2=29.6%  ROUGE-L=24.9%  METEOR=32.2%  ES=6/10  [203s]
Epoch  16/50  train_loss=0.8709  val_loss=0.8762  BLEU-1=49.9%  BLEU-2=25.9%  ROUGE-L=23.4%  METEOR=31.5%  ES=7/10  [200s]
Epoch  17/50  train_loss=0.8681  val_loss=0.8867  BLEU-1=45.3%  BLEU-2=28.3%  ROUGE-L=22.8%  METEOR=31.1%  ES=8/10  [202s]
Epoch  18/50  train_loss=0.8677  val_loss=0.8648  BLEU-1=36.4%  BLEU-2=17.3%  ROUGE-L=19.3%  METEOR=30.3%  ES=9/10  [203s]
Epoch  19/50  train_loss=0.8627  val_loss=0.8953  BLEU-1=35.3%  BLEU-2=21.0%  ROUGE-L=21.2%  METEOR=36.0%  ES=10/10  [200s]

Early stopping triggered at epoch 19 (no improvement in meteor for 10 epochs).

Running final test evaluation (best metric checkpoint)...
wandb: updating run metadata
wandb: uploading output.log; uploading wandb-summary.json; uploading config.yaml
wandb: uploading history steps 19-19, summary, console lines 24-32
wandb: 
wandb: Run history:
wandb:       bleu1 ▅▇▅█▂▁▄▆█▆▇▇▇▇▇▆▅▄▃
wandb:       bleu2 ▄▇▄▇▁▁▃▆█▅▅▆▆▅▆▄▅▂▃
wandb:       epoch ▁▁▂▂▃▃▃▄▄▅▅▅▆▆▆▇▇██
wandb:      meteor ▁▆▂▅▃▁▂▆█▅▄▃▃▄▃▃▂▂▅
wandb:      rougeL ▄█▄▇▂▁▄▆▇▆▅▅▇▆▆▅▄▂▃
wandb:  test_bleu1 ▁
wandb:  test_bleu2 ▁
wandb: test_meteor ▁
wandb: test_rougeL ▁
wandb:      time_s ▇▂▃▂▇█▅▂▆▅▆▁▃▃▄▁▃▃▂
wandb:          +2 ...
wandb: 
wandb: Run summary:
wandb:       bleu1 35.29
wandb:       bleu2 21.05
wandb:       epoch 19
wandb:      meteor 36.02
wandb:      rougeL 21.16
wandb:  test_bleu1 56.49609
wandb:  test_bleu2 36.83481
wandb: test_meteor 40.79552
wandb: test_rougeL 25.55998
wandb:      time_s 200.5
wandb:          +2 ...
wandb: 
wandb: 🚀 View run vgg16_gru_1l at: https://wandb.ai/just-an-arbitrary-team-name/mcv-c5-image_captioning/runs/18u805rn
wandb: ⭐️ View project at: https://wandb.ai/just-an-arbitrary-team-name/mcv-c5-image_captioning
wandb: Synced 5 W&B file(s), 0 media file(s), 0 artifact file(s) and 0 other file(s)
wandb: Find logs at: ./wandb/run-20260321_192203-18u805rn/logs

============================================================
TEST RESULTS [vgg16_gru_1l]
  test_loss = 0.9062
  BLEU-1    = 56.50%
  BLEU-2    = 36.83%
  ROUGE-L   = 25.56%
  METEOR    = 40.80%
============================================================
