[nltk_data] Downloading package wordnet to /home/msiau/nltk_data...
[nltk_data]   Package wordnet is already up-to-date!
[nltk_data] Downloading package punkt_tab to /home/msiau/nltk_data...
[nltk_data]   Package punkt_tab is already up-to-date!
[nltk_data] Downloading package omw-1.4 to /home/msiau/nltk_data...
[nltk_data]   Package omw-1.4 is already up-to-date!
wandb: Currently logged in as: arnaumarcosalmansa (just-an-arbitrary-team-name) to https://api.wandb.ai. Use `wandb login --relogin` to force relogin
wandb: setting up run pg4zdcmr
wandb: Tracking run with wandb version 0.23.1
wandb: Run data is saved locally in /home/msiau/workspace/C5_Project/Week3/wandb/run-20260321_215116-pg4zdcmr
wandb: Run `wandb offline` to turn off syncing.
wandb: Syncing run vgg16_gru_char
wandb: ⭐️ View project at https://wandb.ai/just-an-arbitrary-team-name/mcv-c5-image_captioning
wandb: 🚀 View run at https://wandb.ai/just-an-arbitrary-team-name/mcv-c5-image_captioning/runs/pg4zdcmr
Device: cuda
Building tokenizer (char)...
Loading datasets...
  train: 21088, val: 2343, test: 7750
  Model: vgg16 + grux1 | text=char | params=16.4M
Early stopping: metric=meteor mode=max patience=10
Epoch   1/50  train_loss=1.6870  val_loss=1.1080  BLEU-1=43.2%  BLEU-2=24.9%  ROUGE-L=21.7%  METEOR=28.7%  ES=0/10  [206s]
Epoch   2/50  train_loss=1.0608  val_loss=1.0086  BLEU-1=57.3%  BLEU-2=36.3%  ROUGE-L=27.8%  METEOR=36.9%  ES=0/10  [203s]
Epoch   3/50  train_loss=0.9897  val_loss=0.9767  BLEU-1=44.4%  BLEU-2=26.0%  ROUGE-L=22.1%  METEOR=31.1%  ES=1/10  [206s]
Epoch   4/50  train_loss=0.9581  val_loss=0.9505  BLEU-1=58.2%  BLEU-2=33.8%  ROUGE-L=26.4%  METEOR=34.7%  ES=2/10  [204s]
Epoch   5/50  train_loss=0.9382  val_loss=0.9257  BLEU-1=31.0%  BLEU-2=17.7%  ROUGE-L=20.6%  METEOR=33.1%  ES=3/10  [210s]
Epoch   6/50  train_loss=0.9229  val_loss=0.9144  BLEU-1=42.2%  BLEU-2=24.6%  ROUGE-L=21.7%  METEOR=32.4%  ES=4/10  [212s]
Epoch   7/50  train_loss=0.9202  val_loss=0.9150  BLEU-1=42.0%  BLEU-2=24.3%  ROUGE-L=23.3%  METEOR=31.7%  ES=5/10  [210s]
Epoch   8/50  train_loss=0.9129  val_loss=0.9127  BLEU-1=49.6%  BLEU-2=31.7%  ROUGE-L=25.2%  METEOR=37.5%  ES=0/10  [204s]
Epoch   9/50  train_loss=0.9050  val_loss=0.9048  BLEU-1=57.0%  BLEU-2=37.2%  ROUGE-L=26.5%  METEOR=40.8%  ES=0/10  [211s]
Epoch  10/50  train_loss=0.8953  val_loss=0.8899  BLEU-1=49.9%  BLEU-2=28.9%  ROUGE-L=24.4%  METEOR=35.7%  ES=1/10  [208s]
Epoch  11/50  train_loss=0.8901  val_loss=0.8896  BLEU-1=52.0%  BLEU-2=28.5%  ROUGE-L=24.3%  METEOR=34.2%  ES=2/10  [209s]
Epoch  12/50  train_loss=0.8862  val_loss=0.9020  BLEU-1=55.9%  BLEU-2=30.4%  ROUGE-L=24.7%  METEOR=33.0%  ES=3/10  [208s]
Epoch  13/50  train_loss=0.8808  val_loss=0.8898  BLEU-1=54.0%  BLEU-2=31.6%  ROUGE-L=25.4%  METEOR=32.4%  ES=4/10  [207s]
Epoch  14/50  train_loss=0.8756  val_loss=0.8866  BLEU-1=40.6%  BLEU-2=19.3%  ROUGE-L=19.9%  METEOR=26.0%  ES=5/10  [209s]
Epoch  15/50  train_loss=0.8750  val_loss=0.8706  BLEU-1=56.1%  BLEU-2=32.1%  ROUGE-L=25.0%  METEOR=31.9%  ES=6/10  [207s]
Epoch  16/50  train_loss=0.8709  val_loss=0.8767  BLEU-1=50.9%  BLEU-2=26.3%  ROUGE-L=23.3%  METEOR=31.6%  ES=7/10  [207s]
Epoch  17/50  train_loss=0.8680  val_loss=0.8874  BLEU-1=45.9%  BLEU-2=28.9%  ROUGE-L=22.9%  METEOR=31.5%  ES=8/10  [203s]
Epoch  18/50  train_loss=0.8678  val_loss=0.8646  BLEU-1=23.9%  BLEU-2=11.7%  ROUGE-L=15.5%  METEOR=23.7%  ES=9/10  [211s]
Epoch  19/50  train_loss=0.8627  val_loss=0.8958  BLEU-1=15.8%  BLEU-2=10.7%  ROUGE-L=15.3%  METEOR=25.8%  ES=10/10  [203s]

Early stopping triggered at epoch 19 (no improvement in meteor for 10 epochs).

Running final test evaluation (best metric checkpoint)...
wandb: updating run metadata
wandb: uploading output.log; uploading wandb-summary.json; uploading config.yaml
wandb: uploading history steps 19-19, summary, console lines 24-32
wandb: 
wandb: Run history:
wandb:       bleu1 ▆█▆█▄▅▅▇█▇▇█▇▅█▇▆▂▁
wandb:       bleu2 ▅█▅▇▃▅▅▇█▆▆▆▇▃▇▅▆▁▁
wandb:       epoch ▁▁▂▂▃▃▃▄▄▅▅▅▆▆▆▇▇██
wandb:      meteor ▃▆▄▅▅▅▄▇█▆▅▅▅▂▄▄▄▁▂
wandb:      rougeL ▅█▅▇▄▅▅▇▇▆▆▆▇▄▆▅▅▁▁
wandb:  test_bleu1 ▁
wandb:  test_bleu2 ▁
wandb: test_meteor ▁
wandb: test_rougeL ▁
wandb:      time_s ▄▂▃▂▆█▆▂▇▅▆▅▅▆▄▄▁▇▁
wandb:          +2 ...
wandb: 
wandb: Run summary:
wandb:       bleu1 15.78
wandb:       bleu2 10.66
wandb:       epoch 19
wandb:      meteor 25.79
wandb:      rougeL 15.33
wandb:  test_bleu1 56.60992
wandb:  test_bleu2 37.11021
wandb: test_meteor 41.07805
wandb: test_rougeL 25.45781
wandb:      time_s 202.9
wandb:          +2 ...
wandb: 
wandb: 🚀 View run vgg16_gru_char at: https://wandb.ai/just-an-arbitrary-team-name/mcv-c5-image_captioning/runs/pg4zdcmr
wandb: ⭐️ View project at: https://wandb.ai/just-an-arbitrary-team-name/mcv-c5-image_captioning
wandb: Synced 5 W&B file(s), 0 media file(s), 0 artifact file(s) and 0 other file(s)
wandb: Find logs at: ./wandb/run-20260321_215116-pg4zdcmr/logs

============================================================
TEST RESULTS [vgg16_gru_char]
  test_loss = 0.9062
  BLEU-1    = 56.61%
  BLEU-2    = 37.11%
  ROUGE-L   = 25.46%
  METEOR    = 41.08%
============================================================
